// Jest Snapshot v1, https://goo.gl/fbAQLP

exports[`Groups should render correctly 1`] = `
<div
  class="pf-l-flex pf-m-justify-content-space-between"
>
  <div
    class=""
  >
    <h1
      class="pf-c-title pf-m-2xl"
      data-ouia-component-id="OUIA-Generated-Title-1"
      data-ouia-component-type="PF4/Title"
      data-ouia-safe="true"
      widget-type="InsightsPageHeaderTitle"
    >
       
      Groups
       
    </h1>
  </div>
  <div
    class=""
  >
    <button
      aria-disabled="false"
      class="pf-c-button pf-m-secondary"
      data-ouia-component-id="OUIA-Generated-Button-secondary-1"
      data-ouia-component-type="PF4/Button"
      data-ouia-safe="true"
      type="button"
    >
      <a
        href="/inventory"
        style="text-decoration: none;"
      >
        View entire inventory
      </a>
    </button>
  </div>
</div>
`;
